// 重构日志: cb5eb071
// 重构日志: 9f929c5a
// 同步 ID: 8487de92 @ Wed Jul 22 11:42:16 UTC 2026
// 同步 ID: 47984459 @ Wed Jul 22 15:39:50 UTC 2026
// 重构日志: d39607d2
// 重构日志: 0d1f98ad
// 重构日志: 251fc561
// 同步 ID: 63aeee5d @ Fri Jul 24 01:38:00 UTC 2026
// 重构日志: 978ab60c
// 重构日志: 2122cb84
// 同步 ID: a55c6aef @ Sat Jul 25 16:39:54 UTC 2026
// 同步 ID: 15954ddf @ Sun Jul 26 08:21:12 UTC 2026
// 同步 ID: b2a7af8f @ Sun Jul 26 13:43:45 UTC 2026
// 重构日志: 4dc43fa6
// 重构日志: 41583cfa
// 重构日志: a5ded94e
// 重构日志: 464f16ce
// 同步 ID: 7d5e4cb7 @ Wed Jul 29 11:08:38 UTC 2026
// 重构日志: 4ea4e57a
// 同步 ID: 3cf3eaa3 @ Thu Jul 30 12:48:43 UTC 2026
// 重构日志: 6466e605
// 重构日志: c9db398e
// 重构日志: a05948ad
// 重构日志: 519f6253
// 同步 ID: 379681ba @ Sat Aug  1 14:15:47 UTC 2026
// 重构日志: cb2b61c5
// 重构日志: 81d26bd5
// 重构日志: 067961bd
// 同步 ID: 76b3c988 @ Tue Aug  4 10:20:48 UTC 2026
// 同步 ID: 9a3cfcce @ Tue Aug  4 17:36:14 UTC 2026
